// Jest Snapshot v1, https://goo.gl/fbAQLP

exports[`renders calculator correctly 1`] = `
<div
  className="flex"
>
  <h2>
    Let's do some math
  </h2>
  <div
    className="App"
  >
    <div
      className="Display"
    >
      
    </div>
    <div
      className="ButtonPannel"
    >
      <div
        className="btn-group"
      >
        <button
          className="btn  "
          onClick={[Function]}
          type="button"
        >
          AC
        </button>
        <button
          className="btn  "
          onClick={[Function]}
          type="button"
        >
          +/-
        </button>
        <button
          className="btn  "
          onClick={[Function]}
          type="button"
        >
          %
        </button>
        <button
          className="btn  btn--orange"
          onClick={[Function]}
          type="button"
        >
          รท
        </button>
      </div>
      <div
        className="btn-group"
      >
        <button
          className="btn  "
          onClick={[Function]}
          type="button"
        >
          7
        </button>
        <button
          className="btn  "
          onClick={[Function]}
          type="button"
        >
          8
        </button>
        <button
          className="btn  "
          onClick={[Function]}
          type="button"
        >
          9
        </button>
        <button
          className="btn  btn--orange"
          onClick={[Function]}
          type="button"
        >
          X
        </button>
      </div>
      <div
        className="btn-group"
      >
        <button
          className="btn  "
          onClick={[Function]}
          type="button"
        >
          4
        </button>
        <button
          className="btn  "
          onClick={[Function]}
          type="button"
        >
          5
        </button>
        <button
          className="btn  "
          onClick={[Function]}
          type="button"
        >
          6
        </button>
        <button
          className="btn  btn--orange"
          onClick={[Function]}
          type="button"
        >
          -
        </button>
      </div>
      <div
        className="btn-group"
      >
        <button
          className="btn  "
          onClick={[Function]}
          type="button"
        >
          1
        </button>
        <button
          className="btn  "
          onClick={[Function]}
          type="button"
        >
          2
        </button>
        <button
          className="btn  "
          onClick={[Function]}
          type="button"
        >
          3
        </button>
        <button
          className="btn  btn--orange"
          onClick={[Function]}
          type="button"
        >
          +
        </button>
      </div>
      <div
        className="btn-group"
      >
        <button
          className="btn btn--span-2 "
          onClick={[Function]}
          type="button"
        >
          0
        </button>
        <button
          className="btn  "
          onClick={[Function]}
          type="button"
        >
          .
        </button>
        <button
          className="btn  btn--orange"
          onClick={[Function]}
          type="button"
        >
          =
        </button>
      </div>
    </div>
  </div>
</div>
`;
